[2026-08-26T18:16:02.171Z] List Loyaltys success:  true
[2026-08-26T18:38:57.860Z] List Loyaltys success:  true
[2026-08-26T18:39:00.614Z] List Loyaltys success:  true
[2026-08-26T18:43:10.169Z] Create order success:  {"id":"cdec3aba-1499-4070-98b9-ca12d57b2c1c","usuario_id":"afd20449-8854-4ae3-8ffa-3fe5a616ba02","unidade_id":"a575efda-35a5-4e02-a7a8-89b6d20eb621","status":"RECEBIDO","canal":"APP","total":"90.06","created_at":"2026-08-26T21:43:09.603Z","updated_at":null,"payment":{"success":true,"transactionId":"TXN-91426","timestamp":"2026-08-26T18:43:10.137Z"}}
[2026-08-26T18:43:10.197Z] Create order error:  {}
[2026-08-26T18:43:10.253Z] Create order error:  {"name":"ServiceError","message":"Database connection or query error","action":"Verify if the service is available","status_code":503}
[2026-08-26T18:43:10.283Z] Create order error:  {}
[2026-08-26T18:43:11.713Z] Create order success:  {"id":"b08626b3-bdf3-4316-ac2e-243f44a52906","usuario_id":"00ea24db-ee90-4935-bdeb-94241fc2f836","unidade_id":"d18beb82-f074-4388-b216-f9cd85ea0a39","status":"RECEBIDO","canal":"APP","total":"97.43","created_at":"2026-08-26T21:43:11.143Z","updated_at":null,"payment":{"success":true,"transactionId":"TXN-527238","timestamp":"2026-08-26T18:43:11.667Z"}}
[2026-08-26T18:43:11.775Z] Update order success:  {"id":"b08626b3-bdf3-4316-ac2e-243f44a52906","usuario_id":"00ea24db-ee90-4935-bdeb-94241fc2f836","unidade_id":"d18beb82-f074-4388-b216-f9cd85ea0a39","status":"EM_PREPARACAO","canal":"APP","total":"97.43","created_at":"2026-08-26T21:43:11.143Z","updated_at":"2026-08-26T21:43:11.771Z"}
[2026-08-26T19:09:01.259Z] Create order success:  {"id":"de8cff66-f0ad-4563-91ae-19a427cbb33b","usuario_id":"1166eae3-13e8-4b9b-9613-3b08462e2da2","unidade_id":"eb61fab0-d07a-4898-8480-1606cfd4bcc5","status":"RECEBIDO","canal":"APP","total":"48.96","created_at":"2026-08-26T22:09:00.701Z","updated_at":null,"payment":{"success":true,"transactionId":"TXN-276378","timestamp":"2026-08-26T19:09:01.219Z"}}
[2026-08-26T19:09:01.289Z] Create order error:  {}
[2026-08-26T19:09:01.343Z] Create order error:  {"name":"ServiceError","message":"Database connection or query error","action":"Verify if the service is available","status_code":503}
[2026-08-26T19:09:01.377Z] Create order error:  {}
[2026-08-26T19:09:01.998Z] Create order success:  {"id":"8cdb9cd3-1dfb-40f9-a231-d020072ecd89","usuario_id":"1166eae3-13e8-4b9b-9613-3b08462e2da2","unidade_id":"eb61fab0-d07a-4898-8480-1606cfd4bcc5","status":"RECEBIDO","canal":"APP","total":"73.44","created_at":"2026-08-26T22:09:01.431Z","updated_at":null,"payment":{"success":true,"transactionId":"TXN-519700","timestamp":"2026-08-26T19:09:01.961Z"}}
[2026-08-26T19:09:03.440Z] Create order success:  {"id":"2d238570-130c-4ef6-9ed1-b2e49776cc03","usuario_id":"cab4cd06-159e-4055-bf1b-5e5723c1d399","unidade_id":"c97111ac-2b80-4e0a-beca-fffebd520abc","status":"RECEBIDO","canal":"APP","total":"56.97","created_at":"2026-08-26T22:09:02.881Z","updated_at":null,"payment":{"success":true,"transactionId":"TXN-148795","timestamp":"2026-08-26T19:09:03.399Z"}}
[2026-08-26T19:09:03.501Z] Update order success:  {"id":"2d238570-130c-4ef6-9ed1-b2e49776cc03","usuario_id":"cab4cd06-159e-4055-bf1b-5e5723c1d399","unidade_id":"c97111ac-2b80-4e0a-beca-fffebd520abc","status":"EM_PREPARACAO","canal":"APP","total":"56.97","created_at":"2026-08-26T22:09:02.881Z","updated_at":"2026-08-26T22:09:03.497Z"}
[2026-08-26T19:09:18.159Z] Create order error:  {}
[2026-08-26T19:09:18.761Z] Create order error:  {}
[2026-08-26T19:09:19.391Z] Create order success:  {"id":"77433f22-330d-4f7c-98ba-dbf4a8ca86ee","usuario_id":"4c078edb-d8b6-457f-b109-5e14fe1e1e82","unidade_id":"fe4aa125-1afa-410a-8d83-40856aea616d","status":"RECEBIDO","canal":"APP","total":"189.38","created_at":"2026-08-26T22:09:18.820Z","updated_at":null,"payment":{"success":true,"transactionId":"TXN-508043","timestamp":"2026-08-26T19:09:19.348Z"}}
[2026-08-26T19:09:19.421Z] Create order error:  {}
[2026-08-26T19:09:19.476Z] Create order error:  {"name":"ServiceError","message":"Database connection or query error","action":"Verify if the service is available","status_code":503}
[2026-08-26T19:09:19.504Z] Create order error:  {}
[2026-08-26T19:09:20.128Z] Create order success:  {"id":"91bf440e-2a69-4732-b8ff-2d891c44c2f3","usuario_id":"4c078edb-d8b6-457f-b109-5e14fe1e1e82","unidade_id":"fe4aa125-1afa-410a-8d83-40856aea616d","status":"RECEBIDO","canal":"APP","total":"284.07","created_at":"2026-08-26T22:09:19.564Z","updated_at":null,"payment":{"success":true,"transactionId":"TXN-539461","timestamp":"2026-08-26T19:09:20.090Z"}}
[2026-08-26T19:09:21.565Z] Create order success:  {"id":"9e9524c4-b829-4abe-924e-e5e11e22f49e","usuario_id":"09289bd6-5a65-48c0-927b-7dc5ce2f3e13","unidade_id":"863e3661-16ea-4311-a20e-ed792bcd4bd9","status":"RECEBIDO","canal":"APP","total":"29.60","created_at":"2026-08-26T22:09:21.003Z","updated_at":null,"payment":{"success":true,"transactionId":"TXN-376222","timestamp":"2026-08-26T19:09:21.526Z"}}
[2026-08-26T19:09:21.625Z] Update order success:  {"id":"9e9524c4-b829-4abe-924e-e5e11e22f49e","usuario_id":"09289bd6-5a65-48c0-927b-7dc5ce2f3e13","unidade_id":"863e3661-16ea-4311-a20e-ed792bcd4bd9","status":"EM_PREPARACAO","canal":"APP","total":"29.60","created_at":"2026-08-26T22:09:21.003Z","updated_at":"2026-08-26T22:09:21.622Z"}
[2026-08-26T19:32:44.586Z] Create order error:  {}
[2026-08-26T19:32:45.227Z] Create order success:  {"id":"8532f5e9-1c33-418b-9284-c51a724b0c4f","usuario_id":"d6a162ef-09c1-40f7-a792-493633f93bd1","unidade_id":"443affc5-70b5-4213-8f7d-9d5daec0125d","status":"RECEBIDO","canal":"APP","total":"159.16","created_at":"2026-08-26T22:32:44.648Z","updated_at":null,"payment":{"success":true,"transactionId":"TXN-843407","timestamp":"2026-08-26T19:32:45.176Z"}}
[2026-08-26T19:32:45.265Z] Create order error:  {}
[2026-08-26T19:32:45.321Z] Create order error:  {"name":"ServiceError","message":"Database connection or query error","action":"Verify if the service is available","status_code":503}
[2026-08-26T19:32:45.354Z] Create order error:  {}
[2026-08-26T19:32:45.975Z] Create order success:  {"id":"204adc58-6e71-4403-80f5-24e627063149","usuario_id":"d6a162ef-09c1-40f7-a792-493633f93bd1","unidade_id":"443affc5-70b5-4213-8f7d-9d5daec0125d","status":"RECEBIDO","canal":"APP","total":"238.74","created_at":"2026-08-26T22:32:45.409Z","updated_at":null,"payment":{"success":true,"transactionId":"TXN-395228","timestamp":"2026-08-26T19:32:45.929Z"}}
[2026-08-26T19:32:47.588Z] Create order success:  {"id":"797bd02c-22be-4d27-b1f9-c7ca8a919a8f","usuario_id":"440cfbd3-e776-402e-bb36-454ddd06330a","unidade_id":"50fe0860-a0cb-460e-b814-3d1391c1f4fc","status":"RECEBIDO","canal":"APP","total":"48.58","created_at":"2026-08-26T22:32:47.022Z","updated_at":null,"payment":{"success":true,"transactionId":"TXN-475581","timestamp":"2026-08-26T19:32:47.551Z"}}
[2026-08-26T19:32:47.671Z] Update order success:  {"id":"797bd02c-22be-4d27-b1f9-c7ca8a919a8f","usuario_id":"440cfbd3-e776-402e-bb36-454ddd06330a","unidade_id":"50fe0860-a0cb-460e-b814-3d1391c1f4fc","status":"EM_PREPARACAO","canal":"APP","total":"48.58","created_at":"2026-08-26T22:32:47.022Z","updated_at":"2026-08-26T22:32:47.669Z"}
[2026-08-26T19:33:46.655Z] Create order success:  {"id":"01f28cbe-4ba9-40e3-8b81-9a2800172eeb","usuario_id":"3dfa61df-600a-491d-aeb2-4fc021947bf9","unidade_id":"47bce369-d41a-4fdf-b4d3-da76f8bf5185","status":"RECEBIDO","canal":"APP","total":"85.78","created_at":"2026-08-26T22:33:46.074Z","updated_at":null,"payment":{"success":true,"transactionId":"TXN-590993","timestamp":"2026-08-26T19:33:46.611Z"}}
[2026-08-26T19:33:46.687Z] Create order error:  {}
[2026-08-26T19:33:46.755Z] Create order error:  {"name":"ServiceError","message":"Database connection or query error","action":"Verify if the service is available","status_code":503}
[2026-08-26T19:33:46.791Z] Create order error:  {}
[2026-08-26T19:33:47.391Z] Create order error:  {}
[2026-08-26T19:33:49.154Z] Create order success:  {"id":"b61df4cc-2a4c-4a6b-97ae-e5041dd9db41","usuario_id":"b8169a1e-630a-41cd-ad2f-a7edc91caeb2","unidade_id":"d062d96a-a97e-4746-a9e2-e40f6d41ce75","status":"RECEBIDO","canal":"APP","total":"33.54","created_at":"2026-08-26T22:33:48.592Z","updated_at":null,"payment":{"success":true,"transactionId":"TXN-820506","timestamp":"2026-08-26T19:33:49.113Z"}}
[2026-08-26T19:33:49.221Z] Update order success:  {"id":"b61df4cc-2a4c-4a6b-97ae-e5041dd9db41","usuario_id":"b8169a1e-630a-41cd-ad2f-a7edc91caeb2","unidade_id":"d062d96a-a97e-4746-a9e2-e40f6d41ce75","status":"EM_PREPARACAO","canal":"APP","total":"33.54","created_at":"2026-08-26T22:33:48.592Z","updated_at":"2026-08-26T22:33:49.219Z"}
[2026-08-26T19:38:50.727Z] Create order success:  {"id":"7e0a5f62-8b23-42d1-bfa9-22e64db77a75","usuario_id":"119cee11-0bf4-4752-aff9-a74a90a1b25c","unidade_id":"1ba789d1-2e64-4efd-8bd6-b2f79960275b","status":"RECEBIDO","canal":"APP","total":"99.74","created_at":"2026-08-26T22:38:50.155Z","updated_at":null,"payment":{"success":true,"transactionId":"TXN-314566","timestamp":"2026-08-26T19:38:50.689Z"}}
[2026-08-26T19:38:50.760Z] Create order error:  {}
[2026-08-26T19:38:50.821Z] Create order error:  {"name":"ServiceError","message":"Database connection or query error","action":"Verify if the service is available","status_code":503}
[2026-08-26T19:38:50.856Z] Create order error:  {}
[2026-08-26T19:38:51.474Z] Create order success:  {"id":"880b54ab-2000-4823-85d5-fca0e2835093","usuario_id":"119cee11-0bf4-4752-aff9-a74a90a1b25c","unidade_id":"1ba789d1-2e64-4efd-8bd6-b2f79960275b","status":"RECEBIDO","canal":"APP","total":"149.61","created_at":"2026-08-26T22:38:50.916Z","updated_at":null,"payment":{"success":true,"transactionId":"TXN-409736","timestamp":"2026-08-26T19:38:51.435Z"}}
[2026-08-26T19:38:52.975Z] Create order success:  {"id":"3993bf2a-4eb8-498a-b3b3-439c34a3ff29","usuario_id":"c74d8ce0-2da5-4675-aaba-38f29028c8fa","unidade_id":"72f18d0a-ae89-4fe3-84ef-d70f292c1987","status":"RECEBIDO","canal":"APP","total":"57.93","created_at":"2026-08-26T22:38:52.420Z","updated_at":null,"payment":{"success":true,"transactionId":"TXN-713602","timestamp":"2026-08-26T19:38:52.939Z"}}
[2026-08-26T19:38:53.041Z] Update order success:  {"id":"3993bf2a-4eb8-498a-b3b3-439c34a3ff29","usuario_id":"c74d8ce0-2da5-4675-aaba-38f29028c8fa","unidade_id":"72f18d0a-ae89-4fe3-84ef-d70f292c1987","status":"EM_PREPARACAO","canal":"APP","total":"57.93","created_at":"2026-08-26T22:38:52.420Z","updated_at":"2026-08-26T22:38:53.039Z"}
[2026-08-26T19:38:57.999Z] Create order success:  {"id":"97c1b4fd-ba62-4fd4-8081-8c94b9c0223b","usuario_id":"a3721405-27d5-4555-b1b3-2016cf049ed7","unidade_id":"7006575c-93b2-42a3-8309-cead7a1518e9","status":"RECEBIDO","canal":"APP","total":"86.70","created_at":"2026-08-26T22:38:57.421Z","updated_at":null,"payment":{"success":true,"transactionId":"TXN-402986","timestamp":"2026-08-26T19:38:57.943Z"}}
[2026-08-26T19:38:58.051Z] Create order error:  {}
[2026-08-26T19:38:58.149Z] Create order error:  {"name":"ServiceError","message":"Database connection or query error","action":"Verify if the service is available","status_code":503}
[2026-08-26T19:38:58.196Z] Create order error:  {}
[2026-08-26T19:38:58.860Z] Create order success:  {"id":"ca02cefa-124e-4296-880b-e6b55f2a4cf3","usuario_id":"a3721405-27d5-4555-b1b3-2016cf049ed7","unidade_id":"7006575c-93b2-42a3-8309-cead7a1518e9","status":"RECEBIDO","canal":"APP","total":"130.05","created_at":"2026-08-26T22:38:58.279Z","updated_at":null,"payment":{"success":true,"transactionId":"TXN-115826","timestamp":"2026-08-26T19:38:58.808Z"}}
[2026-08-26T19:39:00.487Z] Create order success:  {"id":"cd7c20b0-1f22-421b-bb53-301fb8668363","usuario_id":"79fd6b13-20e9-4b02-ae63-8a4220e338b8","unidade_id":"9347f94b-5c8a-48c9-bc52-2d025f0c71a9","status":"RECEBIDO","canal":"APP","total":"39.56","created_at":"2026-08-26T22:38:59.866Z","updated_at":null,"payment":{"success":true,"transactionId":"TXN-751832","timestamp":"2026-08-26T19:39:00.422Z"}}
[2026-08-26T19:39:00.572Z] Update order success:  {"id":"cd7c20b0-1f22-421b-bb53-301fb8668363","usuario_id":"79fd6b13-20e9-4b02-ae63-8a4220e338b8","unidade_id":"9347f94b-5c8a-48c9-bc52-2d025f0c71a9","status":"EM_PREPARACAO","canal":"APP","total":"39.56","created_at":"2026-08-26T22:38:59.866Z","updated_at":"2026-08-26T22:39:00.569Z"}
[2026-08-26T19:39:43.676Z] Create order success:  {"id":"8babbaf5-9aae-4327-86f2-03d141b53c07","usuario_id":"ebdbf899-653e-44dd-9682-281fc5e9de30","unidade_id":"96ad2e44-9dcc-46ed-89aa-3c0b98473f4b","status":"RECEBIDO","canal":"APP","total":"165.76","created_at":"2026-08-26T22:39:43.108Z","updated_at":null,"payment":{"success":true,"transactionId":"TXN-956196","timestamp":"2026-08-26T19:39:43.629Z"}}
[2026-08-26T19:39:43.719Z] Create order error:  {}
[2026-08-26T19:39:43.797Z] Create order error:  {"name":"ServiceError","message":"Database connection or query error","action":"Verify if the service is available","status_code":503}
[2026-08-26T19:39:43.833Z] Create order error:  {}
[2026-08-26T19:39:44.469Z] Create order success:  {"id":"562c8021-7fe4-4238-b374-e43328db44e4","usuario_id":"ebdbf899-653e-44dd-9682-281fc5e9de30","unidade_id":"96ad2e44-9dcc-46ed-89aa-3c0b98473f4b","status":"RECEBIDO","canal":"APP","total":"248.64","created_at":"2026-08-26T22:39:43.899Z","updated_at":null,"payment":{"success":true,"transactionId":"TXN-869733","timestamp":"2026-08-26T19:39:44.432Z"}}
[2026-08-26T19:39:46.250Z] Create order success:  {"id":"7d77ea2b-a7a1-45d2-a8b8-a37388a37138","usuario_id":"4e142017-aa41-4d57-a179-f9f92fad03e7","unidade_id":"b5708da2-62f0-4573-97db-fa250d1f6056","status":"RECEBIDO","canal":"APP","total":"81.55","created_at":"2026-08-26T22:39:45.642Z","updated_at":null,"payment":{"success":true,"transactionId":"TXN-484127","timestamp":"2026-08-26T19:39:46.171Z"}}
[2026-08-26T19:39:46.316Z] Update order success:  {"id":"7d77ea2b-a7a1-45d2-a8b8-a37388a37138","usuario_id":"4e142017-aa41-4d57-a179-f9f92fad03e7","unidade_id":"b5708da2-62f0-4573-97db-fa250d1f6056","status":"EM_PREPARACAO","canal":"APP","total":"81.55","created_at":"2026-08-26T22:39:45.642Z","updated_at":"2026-08-26T22:39:46.314Z"}
[2026-08-26T19:50:54.300Z] Create order success:  {"id":"a055aa9c-7a13-46fd-8d12-aa1286029657","usuario_id":"a64151c9-b821-48e7-9a48-3d001967806c","unidade_id":"8839b694-af10-4103-b606-77b8bc7e309b","status":"RECEBIDO","canal":"APP","total":"37.44","created_at":"2026-08-26T22:50:53.732Z","updated_at":null,"payment":{"success":true,"transactionId":"TXN-118096","timestamp":"2026-08-26T19:50:54.263Z"}}
[2026-08-26T19:50:54.331Z] Create order error:  {}
[2026-08-26T19:50:54.386Z] Create order error:  {"name":"ServiceError","message":"Database connection or query error","action":"Verify if the service is available","status_code":503}
[2026-08-26T19:50:54.430Z] Create order error:  {}
[2026-08-26T19:50:55.046Z] Create order error:  {}
[2026-08-26T19:50:56.508Z] Create order error:  {}
[2026-08-26T19:50:57.130Z] Create order success:  {"id":"7a37e1e7-64e7-4615-9053-9a2f8cb20e19","usuario_id":"dbfaaf52-87f6-4fa9-8680-eee78ae2bfff","unidade_id":"9a69f306-3bf5-420e-a904-9a8b49e77b3c","status":"RECEBIDO","canal":"APP","total":"80.71","created_at":"2026-08-26T22:50:56.567Z","updated_at":null,"payment":{"success":true,"transactionId":"TXN-32271","timestamp":"2026-08-26T19:50:57.091Z"}}
[2026-08-26T19:50:57.195Z] Update order success:  {"id":"7a37e1e7-64e7-4615-9053-9a2f8cb20e19","usuario_id":"dbfaaf52-87f6-4fa9-8680-eee78ae2bfff","unidade_id":"9a69f306-3bf5-420e-a904-9a8b49e77b3c","status":"EM_PREPARACAO","canal":"APP","total":"80.71","created_at":"2026-08-26T22:50:56.567Z","updated_at":"2026-08-26T22:50:57.191Z"}
[2026-08-26T19:52:40.018Z] Create order success:  {"id":"6f13b4a5-26ba-40e1-99b0-1befd17dbd05","usuario_id":"0582579f-ee5f-4b11-a836-9c5f0449c8e0","unidade_id":"2c0ec312-6efa-459c-90ed-4bc58fb4f535","status":"RECEBIDO","canal":"APP","total":"154.94","created_at":"2026-08-26T22:52:39.454Z","updated_at":null,"payment":{"success":true,"transactionId":"TXN-814858","timestamp":"2026-08-26T19:52:39.981Z"}}
[2026-08-26T19:52:40.060Z] Create order error:  {}
[2026-08-26T19:52:40.116Z] Create order error:  {"name":"ServiceError","message":"Database connection or query error","action":"Verify if the service is available","status_code":503}
[2026-08-26T19:52:40.152Z] Create order error:  {}
[2026-08-26T19:52:40.790Z] Create order success:  {"id":"c0e574bb-b3f8-4372-9263-d3c4ad2a8947","usuario_id":"0582579f-ee5f-4b11-a836-9c5f0449c8e0","unidade_id":"2c0ec312-6efa-459c-90ed-4bc58fb4f535","status":"RECEBIDO","canal":"APP","total":"232.41","created_at":"2026-08-26T22:52:40.215Z","updated_at":null,"payment":{"success":true,"transactionId":"TXN-859560","timestamp":"2026-08-26T19:52:40.738Z"}}
[2026-08-26T19:52:42.250Z] Create order success:  {"id":"382f4694-f7ea-4bdc-993b-f9154720b6e9","usuario_id":"0050d779-d94f-4146-a744-8a7c0618a4a5","unidade_id":"0d044e44-5e56-46eb-ae98-c21cf6dc17ba","status":"RECEBIDO","canal":"APP","total":"33.29","created_at":"2026-08-26T22:52:41.697Z","updated_at":null,"payment":{"success":true,"transactionId":"TXN-340665","timestamp":"2026-08-26T19:52:42.215Z"}}
[2026-08-26T19:52:42.320Z] Update order success:  {"id":"382f4694-f7ea-4bdc-993b-f9154720b6e9","usuario_id":"0050d779-d94f-4146-a744-8a7c0618a4a5","unidade_id":"0d044e44-5e56-46eb-ae98-c21cf6dc17ba","status":"EM_PREPARACAO","canal":"APP","total":"33.29","created_at":"2026-08-26T22:52:41.697Z","updated_at":"2026-08-26T22:52:42.317Z"}
[2026-08-26T19:53:22.739Z] Create order success:  {"id":"649372ff-1cbb-4a6b-be30-16d7b5b4deaf","usuario_id":"911416be-af6a-4cd9-83cb-831730a53182","unidade_id":"5dbfa6ca-b4f6-43a8-8273-9c9c11cbb43e","status":"RECEBIDO","canal":"APP","total":"179.14","created_at":"2026-08-26T22:53:22.166Z","updated_at":null,"payment":{"success":true,"transactionId":"TXN-199152","timestamp":"2026-08-26T19:53:22.695Z"}}
[2026-08-26T19:53:22.771Z] Create order error:  {}
[2026-08-26T19:53:22.829Z] Create order error:  {"name":"ServiceError","message":"Database connection or query error","action":"Verify if the service is available","status_code":503}
[2026-08-26T19:53:22.860Z] Create order error:  {}
[2026-08-26T19:53:23.480Z] Create order success:  {"id":"e35d49ae-e6a4-4192-b53c-4b04eaa6967d","usuario_id":"911416be-af6a-4cd9-83cb-831730a53182","unidade_id":"5dbfa6ca-b4f6-43a8-8273-9c9c11cbb43e","status":"RECEBIDO","canal":"APP","total":"268.71","created_at":"2026-08-26T22:53:22.915Z","updated_at":null,"payment":{"success":true,"transactionId":"TXN-689451","timestamp":"2026-08-26T19:53:23.439Z"}}
[2026-08-26T19:53:24.966Z] Create order success:  {"id":"c8b4f53c-8929-46ef-a9df-c28f4d3e9322","usuario_id":"0d7c8397-11d7-4cbc-9505-534c6a88a7c0","unidade_id":"3c7bb637-d6e1-4a25-87dd-720aea058aa6","status":"RECEBIDO","canal":"APP","total":"52.27","created_at":"2026-08-26T22:53:24.398Z","updated_at":null,"payment":{"success":true,"transactionId":"TXN-976076","timestamp":"2026-08-26T19:53:24.928Z"}}
[2026-08-26T19:53:25.030Z] Update order success:  {"id":"c8b4f53c-8929-46ef-a9df-c28f4d3e9322","usuario_id":"0d7c8397-11d7-4cbc-9505-534c6a88a7c0","unidade_id":"3c7bb637-d6e1-4a25-87dd-720aea058aa6","status":"EM_PREPARACAO","canal":"APP","total":"52.27","created_at":"2026-08-26T22:53:24.398Z","updated_at":"2026-08-26T22:53:25.026Z"}
[2026-08-26T19:57:46.613Z] Create order success:  {"id":"566c054d-c38b-4a47-83bb-4b734bc0d1da","usuario_id":"f977db8b-cebc-44e5-84e2-5129223af531","unidade_id":"a62be774-f3f4-4fff-a6e6-6b3546c2fcb9","status":"RECEBIDO","canal":"APP","total":"3.46","created_at":"2026-08-26T22:57:46.045Z","updated_at":null,"payment":{"success":true,"transactionId":"TXN-978310","timestamp":"2026-08-26T19:57:46.567Z"}}
[2026-08-26T19:57:46.646Z] Create order error:  {}
[2026-08-26T19:57:46.711Z] Create order error:  {"name":"ServiceError","message":"Database connection or query error","action":"Verify if the service is available","status_code":503}
[2026-08-26T19:57:46.743Z] Create order error:  {}
[2026-08-26T19:57:47.398Z] Create order success:  {"id":"4ee3571c-1961-41b2-90b3-0bd07f792646","usuario_id":"f977db8b-cebc-44e5-84e2-5129223af531","unidade_id":"a62be774-f3f4-4fff-a6e6-6b3546c2fcb9","status":"RECEBIDO","canal":"APP","total":"5.19","created_at":"2026-08-26T22:57:46.803Z","updated_at":null,"payment":{"success":true,"transactionId":"TXN-619027","timestamp":"2026-08-26T19:57:47.334Z"}}
[2026-08-26T19:57:48.924Z] Create order error:  {}
[2026-08-26T19:57:49.543Z] Create order error:  {}
[2026-08-26T19:57:50.146Z] Create order error:  {}
[2026-08-26T19:57:50.731Z] Create order error:  {}
[2026-08-26T19:57:51.379Z] Create order success:  {"id":"8ecb9976-8e5a-4366-993f-551973abb3f1","usuario_id":"af7bdf07-c2f6-4de0-9757-115af98de7f1","unidade_id":"8b90d37c-e2ca-4ce3-bac4-bb5f544d8f17","status":"RECEBIDO","canal":"APP","total":"79.12","created_at":"2026-08-26T22:57:50.805Z","updated_at":null,"payment":{"success":true,"transactionId":"TXN-623259","timestamp":"2026-08-26T19:57:51.332Z"}}
[2026-08-26T19:57:51.454Z] Update order success:  {"id":"8ecb9976-8e5a-4366-993f-551973abb3f1","usuario_id":"af7bdf07-c2f6-4de0-9757-115af98de7f1","unidade_id":"8b90d37c-e2ca-4ce3-bac4-bb5f544d8f17","status":"EM_PREPARACAO","canal":"APP","total":"79.12","created_at":"2026-08-26T22:57:50.805Z","updated_at":"2026-08-26T22:57:51.452Z"}
[2026-08-26T19:58:28.681Z] Create order success:  {"id":"c1de3aac-16b6-4ba6-b82c-5395dc462130","usuario_id":"a6d66059-0a30-4c78-bd4c-6a6abf9e2e16","unidade_id":"ada23ce7-8ca8-4939-b082-6fe773b37e19","status":"RECEBIDO","canal":"APP","total":"36.76","created_at":"2026-08-26T22:58:28.109Z","updated_at":null,"payment":{"success":true,"transactionId":"TXN-903555","timestamp":"2026-08-26T19:58:28.644Z"}}
[2026-08-26T19:58:28.755Z] Update order success:  {"id":"c1de3aac-16b6-4ba6-b82c-5395dc462130","usuario_id":"a6d66059-0a30-4c78-bd4c-6a6abf9e2e16","unidade_id":"ada23ce7-8ca8-4939-b082-6fe773b37e19","status":"EM_PREPARACAO","canal":"APP","total":"36.76","created_at":"2026-08-26T22:58:28.109Z","updated_at":"2026-08-26T22:58:28.751Z"}
[2026-08-26T19:58:30.481Z] Create order success:  {"id":"57b60b32-6719-4799-9b9e-2fc28f3a5ed8","usuario_id":"90f378ef-1b33-4208-abf7-eb65d31f0d97","unidade_id":"208e6139-4d5c-45e0-a06f-3d1cbd42f5d3","status":"RECEBIDO","canal":"APP","total":"99.40","created_at":"2026-08-26T22:58:29.909Z","updated_at":null,"payment":{"success":true,"transactionId":"TXN-297772","timestamp":"2026-08-26T19:58:30.432Z"}}
[2026-08-26T19:58:30.520Z] Create order error:  {}
[2026-08-26T19:58:30.618Z] Create order error:  {"name":"ServiceError","message":"Database connection or query error","action":"Verify if the service is available","status_code":503}
[2026-08-26T19:58:30.668Z] Create order error:  {}
[2026-08-26T19:58:31.298Z] Create order success:  {"id":"412b591a-b92a-4b6d-9b3c-bf18118e58c5","usuario_id":"90f378ef-1b33-4208-abf7-eb65d31f0d97","unidade_id":"208e6139-4d5c-45e0-a06f-3d1cbd42f5d3","status":"RECEBIDO","canal":"APP","total":"149.10","created_at":"2026-08-26T22:58:30.724Z","updated_at":null,"payment":{"success":true,"transactionId":"TXN-38029","timestamp":"2026-08-26T19:58:31.254Z"}}
[2026-08-26T20:19:11.814Z] Create order success:  {"id":"fd0ba3fc-647f-4dec-81ac-025bea0f310a","usuario_id":"0ee48e50-162a-404c-93b6-d70c3310ab6f","unidade_id":"a9adb91f-9607-47d1-9fe2-a98c8deebf9d","status":"RECEBIDO","canal":"APP","total":"89.27","created_at":"2026-08-26T23:19:11.249Z","updated_at":null,"payment":{"success":true,"transactionId":"TXN-592055","timestamp":"2026-08-26T20:19:11.777Z"}}
[2026-08-26T20:19:11.903Z] Update order success:  {"id":"fd0ba3fc-647f-4dec-81ac-025bea0f310a","usuario_id":"0ee48e50-162a-404c-93b6-d70c3310ab6f","unidade_id":"a9adb91f-9607-47d1-9fe2-a98c8deebf9d","status":"EM_PREPARACAO","canal":"APP","total":"89.27","created_at":"2026-08-26T23:19:11.249Z","updated_at":"2026-08-26T23:19:11.899Z"}
[2026-08-26T20:19:13.329Z] Create order error:  {}
[2026-08-26T20:19:13.924Z] Create order error:  {}
[2026-08-26T20:19:14.538Z] Create order success:  {"id":"03cf17ed-c777-4f76-a0c8-f46360ac14c7","usuario_id":"ae575606-f040-46e3-8cc3-9c39b431e7a4","unidade_id":"bbebf9b2-2cd4-4d8a-b38e-f257d069a96d","status":"RECEBIDO","canal":"APP","total":"197.60","created_at":"2026-08-26T23:19:13.980Z","updated_at":null,"payment":{"success":true,"transactionId":"TXN-839054","timestamp":"2026-08-26T20:19:14.498Z"}}
[2026-08-26T20:19:14.569Z] Create order error:  {}
[2026-08-26T20:19:14.630Z] Create order error:  {"name":"ServiceError","message":"Database connection or query error","action":"Verify if the service is available","status_code":503}
[2026-08-26T20:19:14.661Z] Create order error:  {}
[2026-08-26T20:19:15.294Z] Create order success:  {"id":"9fc8486e-2f5e-4c76-9abe-f09c08c0d10b","usuario_id":"ae575606-f040-46e3-8cc3-9c39b431e7a4","unidade_id":"bbebf9b2-2cd4-4d8a-b38e-f257d069a96d","status":"RECEBIDO","canal":"APP","total":"296.40","created_at":"2026-08-26T23:19:14.724Z","updated_at":null,"payment":{"success":true,"transactionId":"TXN-830017","timestamp":"2026-08-26T20:19:15.252Z"}}
[2026-08-26T20:19:38.007Z] Create order success:  {"id":"225e19eb-13a8-4673-a44d-014810f2e09a","usuario_id":"8c423a8c-7091-416b-98b0-3c2bfbb460c8","unidade_id":"8bffff84-7b4d-4a0e-ada5-1fe6738564f3","status":"RECEBIDO","canal":"APP","total":"37.75","created_at":"2026-08-26T23:19:37.431Z","updated_at":null,"payment":{"success":true,"transactionId":"TXN-66603","timestamp":"2026-08-26T20:19:37.969Z"}}
[2026-08-26T20:19:38.080Z] Update order success:  {"id":"225e19eb-13a8-4673-a44d-014810f2e09a","usuario_id":"8c423a8c-7091-416b-98b0-3c2bfbb460c8","unidade_id":"8bffff84-7b4d-4a0e-ada5-1fe6738564f3","status":"EM_PREPARACAO","canal":"APP","total":"37.75","created_at":"2026-08-26T23:19:37.431Z","updated_at":"2026-08-26T23:19:38.076Z"}
[2026-08-26T20:19:39.640Z] Create order success:  {"id":"a4033a76-3521-482f-a0c7-9772e6b3e6f9","usuario_id":"a51e9f53-5989-4cd3-ad4b-915a0ac39b38","unidade_id":"d7a1b818-ebb9-47ca-bb01-6de7666bf26d","status":"RECEBIDO","canal":"APP","total":"113.88","created_at":"2026-08-26T23:19:39.063Z","updated_at":null,"payment":{"success":true,"transactionId":"TXN-467568","timestamp":"2026-08-26T20:19:39.598Z"}}
[2026-08-26T20:19:39.668Z] Create order error:  {}
[2026-08-26T20:19:39.724Z] Create order error:  {"name":"ServiceError","message":"Database connection or query error","action":"Verify if the service is available","status_code":503}
[2026-08-26T20:19:39.754Z] Create order error:  {}
[2026-08-26T20:19:40.333Z] Create order error:  {}
[2026-08-26T20:20:05.935Z] Create order success:  {"id":"713e1923-af7e-47c9-866b-74bbbda2556a","usuario_id":"e530ac67-1d43-4df2-b0da-546e1be2b162","unidade_id":"56d40e05-60e8-4128-9aaa-b07f669a26d1","status":"RECEBIDO","canal":"APP","total":"191.72","created_at":"2026-08-26T23:20:05.372Z","updated_at":null,"payment":{"success":true,"transactionId":"TXN-903477","timestamp":"2026-08-26T20:20:05.893Z"}}
[2026-08-26T20:20:05.964Z] Create order error:  {}
[2026-08-26T20:20:06.026Z] Create order error:  {"name":"ServiceError","message":"Database connection or query error","action":"Verify if the service is available","status_code":503}
[2026-08-26T20:20:06.059Z] Create order error:  {}
[2026-08-26T20:20:06.695Z] Create order success:  {"id":"9cc03f6a-3ca8-4ae1-8b6d-d867cbd1fbc7","usuario_id":"e530ac67-1d43-4df2-b0da-546e1be2b162","unidade_id":"56d40e05-60e8-4128-9aaa-b07f669a26d1","status":"RECEBIDO","canal":"APP","total":"287.58","created_at":"2026-08-26T23:20:06.115Z","updated_at":null,"payment":{"success":true,"transactionId":"TXN-667624","timestamp":"2026-08-26T20:20:06.650Z"}}
[2026-08-26T20:20:08.161Z] Create order success:  {"id":"da98773e-4d93-4d87-a4a5-05c45291384d","usuario_id":"228d5411-7c28-4bc0-a077-1b27404beb2b","unidade_id":"8b8e9114-9e5b-48bd-ad37-a8370bb02b47","status":"RECEBIDO","canal":"APP","total":"2.72","created_at":"2026-08-26T23:20:07.589Z","updated_at":null,"payment":{"success":true,"transactionId":"TXN-947599","timestamp":"2026-08-26T20:20:08.113Z"}}
[2026-08-26T20:20:08.231Z] Update order success:  {"id":"da98773e-4d93-4d87-a4a5-05c45291384d","usuario_id":"228d5411-7c28-4bc0-a077-1b27404beb2b","unidade_id":"8b8e9114-9e5b-48bd-ad37-a8370bb02b47","status":"EM_PREPARACAO","canal":"APP","total":"2.72","created_at":"2026-08-26T23:20:07.589Z","updated_at":"2026-08-26T23:20:08.228Z"}
[2026-08-26T20:23:43.668Z] Create order success:  {"id":"31457583-0d78-46cd-a5fa-44c1b20ac5b6","usuario_id":"29541dc5-f8f0-4573-bd35-6a99a592bff4","unidade_id":"675341f5-e8ee-4a60-8c18-2ebab3f58109","status":"RECEBIDO","canal":"APP","total":"195.10","created_at":"2026-08-26T23:23:43.094Z","updated_at":null,"payment":{"success":true,"transactionId":"TXN-46595","timestamp":"2026-08-26T20:23:43.628Z"}}
[2026-08-26T20:23:43.699Z] Create order error:  {}
[2026-08-26T20:23:43.760Z] Create order error:  {"name":"ServiceError","message":"Database connection or query error","action":"Verify if the service is available","status_code":503}
[2026-08-26T20:23:43.794Z] Create order error:  {}
[2026-08-26T20:23:44.410Z] Create order success:  {"id":"d1d9d083-5c38-446e-bbbc-63a64473af6d","usuario_id":"29541dc5-f8f0-4573-bd35-6a99a592bff4","unidade_id":"675341f5-e8ee-4a60-8c18-2ebab3f58109","status":"RECEBIDO","canal":"APP","total":"292.65","created_at":"2026-08-26T23:23:43.849Z","updated_at":null,"payment":{"success":true,"transactionId":"TXN-265418","timestamp":"2026-08-26T20:23:44.373Z"}}
[2026-08-26T20:23:45.904Z] Create order success:  {"id":"03de3b51-ebe9-455b-88ef-d0a1c7f7a414","usuario_id":"616cd869-bce5-4431-8e19-b44b7ccb453b","unidade_id":"d09d6c29-6b1f-436e-907a-a3ab76f8a297","status":"RECEBIDO","canal":"APP","total":"40.83","created_at":"2026-08-26T23:23:45.353Z","updated_at":null,"payment":{"success":true,"transactionId":"TXN-173254","timestamp":"2026-08-26T20:23:45.869Z"}}
[2026-08-26T20:23:45.964Z] Update order success:  {"id":"03de3b51-ebe9-455b-88ef-d0a1c7f7a414","usuario_id":"616cd869-bce5-4431-8e19-b44b7ccb453b","unidade_id":"d09d6c29-6b1f-436e-907a-a3ab76f8a297","status":"EM_PREPARACAO","canal":"APP","total":"40.83","created_at":"2026-08-26T23:23:45.353Z","updated_at":"2026-08-26T23:23:45.961Z"}
[2026-08-26T20:29:53.570Z] Create order success:  {"id":"7a1e3218-57a6-4377-b6b1-86b30745e482","usuario_id":"3b321c13-945d-4dc6-99af-0310db6a2f0c","unidade_id":"30fa55e4-a17a-4e52-abc3-879c035e98d8","status":"RECEBIDO","canal":"APP","total":"158.24","created_at":"2026-08-26T23:29:52.990Z","updated_at":null,"programa_fidelidade":false,"preco_desconto":0,"preco_final":158.24,"payment":{"success":true,"transactionId":"TXN-926093","timestamp":"2026-08-26T20:29:53.532Z"}}
[2026-08-26T20:29:53.601Z] Create order error:  {}
[2026-08-26T20:29:53.658Z] Create order error:  {"name":"ServiceError","message":"Database connection or query error","action":"Verify if the service is available","status_code":503}
[2026-08-26T20:29:53.689Z] Create order error:  {}
[2026-08-26T20:29:54.325Z] Create order success:  {"id":"3992f992-4c00-4fec-a832-4c1ed9d7488e","usuario_id":"3b321c13-945d-4dc6-99af-0310db6a2f0c","unidade_id":"30fa55e4-a17a-4e52-abc3-879c035e98d8","status":"RECEBIDO","canal":"APP","total":"237.36","created_at":"2026-08-26T23:29:53.747Z","updated_at":null,"programa_fidelidade":false,"preco_desconto":0,"preco_final":237.36,"payment":{"success":true,"transactionId":"TXN-6674","timestamp":"2026-08-26T20:29:54.281Z"}}
[2026-08-26T20:29:55.854Z] Create order success:  {"id":"571f94ae-819e-43e6-a381-c9437ba3dd2d","usuario_id":"500a72ac-5a17-40ab-a73e-ecc23085665a","unidade_id":"cc85e606-b952-4cd5-a6a0-8ecc9050aacc","status":"RECEBIDO","canal":"APP","total":"30.60","created_at":"2026-08-26T23:29:55.266Z","updated_at":null,"programa_fidelidade":false,"preco_desconto":0,"preco_final":30.6,"payment":{"success":true,"transactionId":"TXN-752321","timestamp":"2026-08-26T20:29:55.802Z"}}
[2026-08-26T20:29:55.915Z] Update order success:  {"id":"571f94ae-819e-43e6-a381-c9437ba3dd2d","usuario_id":"500a72ac-5a17-40ab-a73e-ecc23085665a","unidade_id":"cc85e606-b952-4cd5-a6a0-8ecc9050aacc","status":"EM_PREPARACAO","canal":"APP","total":"30.60","created_at":"2026-08-26T23:29:55.266Z","updated_at":"2026-08-26T23:29:55.912Z"}
[2026-08-26T20:31:26.027Z] Create order success:  {"id":"83e1dde4-2e82-45a1-9c4a-0a3a8edc68c5","usuario_id":"67b07252-ded5-4e9d-a21b-942f1783a0d3","unidade_id":"854c1081-1e3c-4524-8cde-67676c25d9c1","status":"RECEBIDO","canal":"APP","total":"7.16","created_at":"2026-08-26T23:31:25.445Z","updated_at":null,"programa_fidelidade":false,"preco_desconto":0,"preco_final":7.16,"payment":{"success":true,"transactionId":"TXN-263264","timestamp":"2026-08-26T20:31:25.978Z"}}
[2026-08-26T20:31:26.060Z] Create order error:  {}
[2026-08-26T20:31:26.126Z] Create order error:  {"name":"ServiceError","message":"Database connection or query error","action":"Verify if the service is available","status_code":503}
[2026-08-26T20:31:26.164Z] Create order error:  {}
[2026-08-26T20:31:26.774Z] Create order error:  {}
[2026-08-26T20:31:28.345Z] Create order success:  {"id":"c7b58ceb-d46e-4c65-9f1e-eb277a5ddecd","usuario_id":"a47971f7-502e-4f08-85d2-ed138742d0bf","unidade_id":"dd3c0eb8-db00-4416-b0b9-2a93df1ec5e8","status":"RECEBIDO","canal":"APP","total":"87.00","created_at":"2026-08-26T23:31:27.768Z","updated_at":null,"programa_fidelidade":false,"preco_desconto":0,"preco_final":87,"payment":{"success":true,"transactionId":"TXN-708290","timestamp":"2026-08-26T20:31:28.304Z"}}
[2026-08-26T20:31:28.409Z] Update order success:  {"id":"c7b58ceb-d46e-4c65-9f1e-eb277a5ddecd","usuario_id":"a47971f7-502e-4f08-85d2-ed138742d0bf","unidade_id":"dd3c0eb8-db00-4416-b0b9-2a93df1ec5e8","status":"EM_PREPARACAO","canal":"APP","total":"87.00","created_at":"2026-08-26T23:31:27.768Z","updated_at":"2026-08-26T23:31:28.406Z"}
[2026-08-26T20:58:08.186Z] Create order error:  {}
[2026-08-26T20:58:08.820Z] Create order success:  {"id":"140c5dc1-1986-4a74-bb1e-dd080105afa6","usuario_id":"0920f89b-b1d0-4904-98f0-8ec38581302a","unidade_id":"214b4f94-3ce7-4377-b315-61d660183fa7","status":"RECEBIDO","canal":"APP","total":"93.58","created_at":"2026-08-26T23:58:08.243Z","updated_at":null,"programa_fidelidade":false,"preco_desconto":0,"preco_final":93.58,"payment":{"success":true,"transactionId":"TXN-957037","timestamp":"2026-08-26T20:58:08.779Z"}}
[2026-08-26T20:58:08.849Z] Create order error:  {}
[2026-08-26T20:58:08.903Z] Create order error:  {"name":"ServiceError","message":"Database connection or query error","action":"Verify if the service is available","status_code":503}
[2026-08-26T20:58:08.931Z] Create order error:  {}
[2026-08-26T20:58:10.349Z] Create order success:  {"id":"40a7c503-89f9-4ab4-ae6c-e8de34668534","usuario_id":"cab5e168-f46a-4c30-ab7f-b7dbfe7ae3ff","unidade_id":"1a474966-47fc-4c07-8ba9-5bd29227ba9c","status":"RECEBIDO","canal":"APP","total":"17.96","created_at":"2026-08-26T23:58:09.771Z","updated_at":null,"programa_fidelidade":false,"preco_desconto":0,"preco_final":17.96,"payment":{"success":true,"transactionId":"TXN-566270","timestamp":"2026-08-26T20:58:10.300Z"}}
[2026-08-26T20:58:10.437Z] Update order success:  {"id":"40a7c503-89f9-4ab4-ae6c-e8de34668534","usuario_id":"cab5e168-f46a-4c30-ab7f-b7dbfe7ae3ff","unidade_id":"1a474966-47fc-4c07-8ba9-5bd29227ba9c","status":"EM_PREPARACAO","canal":"APP","total":"17.96","created_at":"2026-08-26T23:58:09.771Z","updated_at":"2026-08-26T23:58:10.433Z"}
[2026-08-26T20:58:48.732Z] Create order success:  {"id":"aa5fe6e8-51be-4dd6-886b-beeb0d7b9fa3","usuario_id":"436b1fc4-25d5-419c-a083-b860bf7eedb7","unidade_id":"5dd6b4ff-a7e3-4c5a-96e1-7a8e4d1b4ba9","status":"RECEBIDO","canal":"APP","total":"32.96","created_at":"2026-08-26T23:58:48.084Z","updated_at":null,"programa_fidelidade":false,"preco_desconto":0,"preco_final":32.96,"payment":{"success":true,"transactionId":"TXN-70229","timestamp":"2026-08-26T20:58:48.696Z"}}
[2026-08-26T20:58:48.768Z] Create order error:  {}
[2026-08-26T20:58:48.852Z] Create order error:  {"name":"ServiceError","message":"Database connection or query error","action":"Verify if the service is available","status_code":503}
[2026-08-26T20:58:48.863Z] Create order success:  {"id":"00d19012-d29f-42b0-866d-2daf22008edf","usuario_id":"74a8941e-7403-4ba4-91cd-2c54bf2db2a3","unidade_id":"30ec19d1-c828-4f88-8164-4793b7214bb1","status":"RECEBIDO","canal":"APP","total":"57.67","created_at":"2026-08-26T23:58:48.240Z","updated_at":null,"programa_fidelidade":false,"preco_desconto":0,"preco_final":57.67,"payment":{"success":true,"transactionId":"TXN-506867","timestamp":"2026-08-26T20:58:48.805Z"}}
[2026-08-26T20:58:48.904Z] Create order error:  {}
[2026-08-26T20:58:48.954Z] Update order success:  {"id":"00d19012-d29f-42b0-866d-2daf22008edf","usuario_id":"74a8941e-7403-4ba4-91cd-2c54bf2db2a3","unidade_id":"30ec19d1-c828-4f88-8164-4793b7214bb1","status":"EM_PREPARACAO","canal":"APP","total":"57.67","created_at":"2026-08-26T23:58:48.240Z","updated_at":"2026-08-26T23:58:48.951Z"}
[2026-08-26T20:58:49.079Z] List Loyaltys success:  true
[2026-08-26T20:58:49.595Z] Create order error:  {}
[2026-08-26T20:58:49.790Z] Create order success:  {"id":"d33af345-9c46-4f82-b867-31351ed1a7a5","usuario_id":"0be63f21-6391-44b9-81a9-cc3906e852fb","unidade_id":"e5ce699f-ec90-4d86-a4f5-8a6c2614ab8b","status":"RECEBIDO","canal":"APP","total":"51.65","created_at":"2026-08-26T23:58:49.207Z","updated_at":null,"programa_fidelidade":false,"preco_desconto":0,"preco_final":51.65,"payment":{"success":true,"transactionId":"TXN-949039","timestamp":"2026-08-26T20:58:49.752Z"}}
[2026-08-26T20:58:49.852Z] Update order success:  {"id":"d33af345-9c46-4f82-b867-31351ed1a7a5","usuario_id":"0be63f21-6391-44b9-81a9-cc3906e852fb","unidade_id":"e5ce699f-ec90-4d86-a4f5-8a6c2614ab8b","status":"EM_PREPARACAO","canal":"APP","total":"51.65","created_at":"2026-08-26T23:58:49.207Z","updated_at":"2026-08-26T23:58:49.850Z"}
